../Core/Src/main.c:105:6:delay	16	static
../Core/Src/main.c:109:6:delay3	16	static
../Core/Src/main.c:113:6:Set_Pin_Output	40	static
../Core/Src/main.c:121:6:Set_Pin_Input	40	static
../Core/Src/main.c:129:6:DHT22_Start	8	static
../Core/Src/main.c:141:9:DHT22_Check_Response	16	static
../Core/Src/main.c:157:9:DHT22_Read	16	static
../Core/Src/main.c:185:5:main	8	static
../Core/Src/main.c:274:6:SystemClock_Config	88	static
../Core/Src/main.c:321:13:MX_ADC1_Init	24	static
../Core/Src/main.c:373:13:MX_TIM1_Init	32	static
../Core/Src/main.c:419:13:MX_TIM2_Init	32	static
../Core/Src/main.c:464:13:MX_TIM3_Init	32	static
../Core/Src/main.c:509:13:MX_USART1_UART_Init	8	static
../Core/Src/main.c:542:13:MX_USART2_UART_Init	8	static
../Core/Src/main.c:575:13:MX_GPIO_Init	48	static
../Core/Src/main.c:618:6:HAL_UART_RxCpltCallback	16	static
../Core/Src/main.c:639:6:StartDefaultTask	32	static
../Core/Src/main.c:713:6:delay1	16	static
../Core/Src/main.c:723:6:StartTask02	16	static
../Core/Src/main.c:763:6:StartTask03	24	static,ignoring_inline_asm
../Core/Src/main.c:807:6:Error_Handler	4	static,ignoring_inline_asm
